
! MEMORY INSTRUCTIONS

$ wrt = 0x00
# Writes a value from one memory location to another.
> dest = Destination for writing (number or pointer)
> value = Value to write (number or pointer)

$ wrtBuff = 0x01
# Copies a sequence of bytes between memory locations.
> dest = Start of the destination buffer (number or pointer)
> buff = Start of the source buffer (number or pointer)
> size = Number of bytes in the buffer (number)
* Throws `numRangeErr` if `size` reaches outside allocation bounds.

$ newArgFrame = 0x02
# Creates a new argument frame to feed into the next function invocation.
> size = Size of the new argument frame (number)

$ newAlloc = 0x03
# Creates a new heap allocation.
> dest = Destination for the new heap allocation (pointer)
> attrs = Attributes of the new heap allocation (number)
> size = Size of the new heap allocation (number)

$ delAlloc = 0x04
# Deletes a heap allocation.
> alloc = Heap allocation (pointer)

$ allocAttrs = 0x05
# Retrieves the attributes of a heap allocation.
> dest = Destination for the attributes (number)
> alloc = Heap allocation (pointer)

$ allocSize = 0x06
# Retrieves the size of a heap allocation.
> dest = Destination for the size (number)
> alloc = Heap allocation (pointer)

$ allocCreator = 0x07
# Retrieves the file handle of the application which created the given heap allocation. The result is null if the allocation was created by the system.
> dest = Destination for the result (pointer)
> alloc = Heap allocation (pointer)

! CONTROL FLOW INSTRUCTIONS

$ jmp = 0x10
# Jumps control flow to another instruction within the current function.
> instrOffset = File offset from start of instruction body (constant number)
* Throws `indexErr` if `instrOffset` is outside instruction body bounds.

$ jmpZ = 0x11
# Jumps control flow to another instruction if the given value is zero.
> instrOffset = File offset from start of instruction body (constant number)
> cond = Condition value (number)
* Throws `indexErr` if `instrOffset` is outside instruction body bounds.

$ jmpNZ = 0x12
# Jumps control flow to another instruction if the given value is not zero.
> instrOffset = File offset from start of instruction body (constant number)
> cond = Condition value (number)
* Throws `indexErr` if `instrOffset` is outside instruction body bounds.

$ wait = 0x13
# Blocks execution until another function invocation performs the `resume` instruction.

$ resume = 0x14
# Causes all function invocations blocked by the `wait` instruction to continue execution.

! ERROR INSTRUCTIONS

$ setErrJmp = 0x20
# Configures an error handler within the current function. If an error is thrown, control flow will jump to the error handler.
> instrOffset = File offset from start of instruction body (constant number)

$ clrErrJmp = 0x21
# Removes any error handler from the current function. If an error is thrown, it will be passed to the invoking function.

$ throw = 0x22
# Throws an error which will be handled by the invoking function. The error code must be in the range of `s8`.
> errCode = Error code (number)
* Throws `numRangeErr` if `code` is not in the range of `s8`.

$ err = 0x23
# Retrieves the code of the last error which was caught in the current function. The result will be 0 if no error has been caught by an error handler.
> dest = Destination for the error code (number)

! FUNCTION INSTRUCTIONS

$ findFunc = 0x30
# Searches for a function with the given ID in the given application. If such a function is not found, the result is -1.
> dest = Destination for the function index (number)
> appHandle = Application file handle (pointer)
> funcId = Function ID (number)

$ call = 0x31
# Invokes a function which is defined in the current application.
> funcIndex = Index of a function in the function table (number)

$ callRemote = 0x32
# Invokes a function which may be defined in another application.
> appHandle = Application file handle (pointer)
> funcIndex = Index of a function in the function table (number)

$ ret = 0x33
# Exits the current function and returns control flow to the invoking function.

$ caller = 0x34
# Retrieves the file handle of the application which invoked the current function.
> dest = Destination for the application file handle (pointer)

! BITWISE INSTRUCTIONS

$ bNot = 0x40
# Performs bitwise NOT with the given value.
> dest = Destination for the result (number)
> value = Operand (number)

$ bOr = 0x41
# Performs bitwise OR with the given values.
> dest = Destination for the result (number)
> value1 = First operand (number)
> value2 = Second operand (number)

$ bAnd = 0x42
# Performs bitwise AND with the given values.
> dest = Destination for the result (number)
> value1 = First operand (number)
> value2 = Second operand (number)

$ bXor = 0x43
# Performs bitwise XOR with the given values.
> dest = Destination for the result (number)
> value1 = First operand (number)
> value2 = Second operand (number)

$ bLeft = 0x44
# Performs bitshift left with the given values.
> dest = Destination for the result (number)
> value1 = Value to shift (number)
> value2 = Amount by which to shift (number)

$ bRight = 0x45
# Performs bitshift right with the given values.
> dest = Destination for the result (number)
> value1 = Value to shift (number)
> value2 = Amount by which to shift (number)

! COMPARISON INSTRUCTIONS

$ equ = 0x50
# Determines whether the given values are equal.
> dest = Destination for the result (number)
> value1 = First operand (number or pointer)
> value2 = Second operand (number or pointer)

$ nEqu = 0x51
# Determines whether the given values are not equal.
> dest = Destination for the result (number)
> value1 = First operand (number or pointer)
> value2 = Second operand (number or pointer)

$ gre = 0x52
# Determines whether the first value is greater than the second value.
> dest = Destination for the result (number)
> value1 = First operand (number)
> value2 = Second operand (number)

$ nGre = 0x53
# Determines whether the first value is not greater than the second value.
> dest = Destination for the result (number)
> value1 = First operand (number)
> value2 = Second operand (number)

! ARITHMETIC INSTRUCTIONS

$ add = 0x60
# Performs addition with the given values.
> dest = Destination for the result (number)
> value1 = First operand (number)
> value2 = Second operand (number)

$ sub = 0x61
# Performs subtraction with the given values.
> dest = Destination for the result (number)
> value1 = First operand (number)
> value2 = Second operand (number)

$ mul = 0x62
# Performs multiplication with the given values.
> dest = Destination for the result (number)
> value1 = First operand (number)
> value2 = Second operand (number)

$ div = 0x63
# Performs division with the given values.
> dest = Destination for the result (number)
> value1 = First operand (number)
> value2 = Second operand (number)
* Throws `numRangeErr` if `value2` is zero.

$ mod = 0x64
# Performs the modulo operation with the given values.
> dest = Destination for the result (number)
> value1 = First operand (number)
> value2 = Second operand (number)
* Throws `numRangeErr` if `value2` is zero.

! APPLICATION INSTRUCTIONS

$ launch = 0x70
# Launches the given application if it is not already running.
> appHandle = Application file handle (pointer)

$ thisApp = 0x71
# Retrieves the file handle of the current application.
> dest = Destination for the application file handle (pointer)

$ quitApp = 0x72
# Terminates the current application.

$ appIsRunning = 0x73
# Retrieves whether the given application is running.
> dest = Destination for the result (number)
> appHandle = Application file handle (pointer)

$ appInitErr = 0x74
# Retrieves the code of the unhandled error which terminated the `init` function of the given application. The result will be 0 if the given application has no associated `init` error. The `init` error will persist until `appHandle` is deleted by the system, or until the application is launched again.
> dest = Destination for the result (number)
> appHandle = Application file handle (pointer)

$ killApp = 0x75
# Requests for the given application to terminate.
> appHandle = Application file handle (pointer)

! FILE INSTRUCTIONS

$ newFile = 0x80
# Creates a new file.
> name = Name of the new file (pointer)
> type = Type of the new file (number)
> isGuarded = Whether the new file should be guarded (number)
> size = Size of the new file (number)

$ delFile = 0x81
# Deletes the given file.
> fileHandle = File handle (pointer)

$ openFile = 0x82
# Retrieves a file handle for the given file. After the current application finishes using the file handle, the application should perform the `closeFile` instruction. Otherwise, the system may accumulate garbage.
> dest = Destination for the file handle (pointer)
> name = File name (pointer)

$ closeFile = 0x83
# Indicates to the system that the current application has finished using the given file handle. The system may delete `fileHandle` if all other applications have also closed the file handle.
> fileHandle = File handle (pointer)

$ readFile = 0x84
# Reads a sequences of bytes from the given file into a buffer.
> dest = Destination for file data (number)
> fileHandle = File handle (pointer)
> pos = File position (number)
> size = Number of bytes to read (number)
* Throws `indexErr` if `pos` is outside file bounds.
* Throws `numRangeErr` if `size` reaches outside file or allocation bounds.

$ wrtFile = 0x85
# Writes a sequences of bytes from the given buffer into a file.
> fileHandle = File handle (pointer)
> pos = File position (number)
> buff = Data buffer (number)
> size = Number of bytes to write (number)
* Throws `indexErr` if `pos` is outside file bounds.
* Throws `numRangeErr` if `size` reaches outside file or allocation bounds.

! FILE METADATA INSTRUCTIONS

$ allFileNames = 0x90
# Retrieves a list of all file names in the system volume.
> dest = Destination for the list of file names (pointer)

$ fileExists = 0x91
# Retrieves whether a file with the given name exists.
> dest = Destination for the result (number)
> name = File name (pointer)

$ fileName = 0x92
# Retrieves the name of the given file.
> dest = Destination for the file name (pointer)
> fileHandle = File handle (pointer)

$ fileType = 0x93
# Retrieves the type of the given file.
> dest = Destination for the file type (number)
> fileHandle = File handle (pointer)

$ fileIsGuarded = 0x94
# Retrieves whether the given file is guarded.
> dest = Destination for the result (number)
> fileHandle = File handle (pointer)

$ fileSize = 0x95
# Retrieves the size of the given file.
> dest = Destination for the file size (number)
> fileHandle = File handle (pointer)

! PERMISSION INSTRUCTIONS

$ hasAdminPerm = 0xA0
# Retrieves whether the given application holds admin permission.
> dest = Destination for the result (number)
> appHandle = Application file handle (pointer)

$ giveAdminPerm = 0xA1
# Grants admin permission to the given application.
> appHandle = Application file handle (pointer)

$ delAdminPerm = 0xA2
# Deletes admin permission from the given application.
> appHandle = Application file handle (pointer)

! RESOURCE INSTRUCTIONS

$ memSize = 0xB0
# Retrieves the total amount of memory in the system.
> dest = Destination for the amount (number)

$ memSizeLeft = 0xB1
# Retrieves the amount of unused memory remaining in the system.
> dest = Destination for the amount (number)

$ volSize = 0xB2
# Retrieves the total amount of storage in the system volume.
> dest = Destination for the amount (number)

$ volSizeLeft = 0xB3
# Retrieves the amount of unused storage remaining in the system volume.
> dest = Destination for the amount (number)


